nftset=/.ua/4#inet#fw4#vpn_domains_internal
nftset=/10minutemail.com/4#inet#fw4#vpn_domains_internal
nftset=/1337x.to/4#inet#fw4#vpn_domains_internal
nftset=/24.kg/4#inet#fw4#vpn_domains_internal
nftset=/4freerussia.org/4#inet#fw4#vpn_domains_internal
nftset=/4pna.com/4#inet#fw4#vpn_domains_internal
nftset=/7dniv.rv.ua/4#inet#fw4#vpn_domains_internal
nftset=/7tv.app/4#inet#fw4#vpn_domains_internal
nftset=/7tv.io/4#inet#fw4#vpn_domains_internal
nftset=/9tv.co.il/4#inet#fw4#vpn_domains_internal
nftset=/a-msedge.net/4#inet#fw4#vpn_domains_internal
nftset=/abercrombie.com/4#inet#fw4#vpn_domains_internal
nftset=/abook-club.ru/4#inet#fw4#vpn_domains_internal
nftset=/activatica.org/4#inet#fw4#vpn_domains_internal
nftset=/adguard-dns.com/4#inet#fw4#vpn_domains_internal
nftset=/adguard.com/4#inet#fw4#vpn_domains_internal
nftset=/adidas.com/4#inet#fw4#vpn_domains_internal
nftset=/adminforge.de/4#inet#fw4#vpn_domains_internal
nftset=/adobe.com/4#inet#fw4#vpn_domains_internal
nftset=/adobe.io/4#inet#fw4#vpn_domains_internal
nftset=/ads-twitter.com/4#inet#fw4#vpn_domains_internal
nftset=/agents.media/4#inet#fw4#vpn_domains_internal
nftset=/agentura.ru/4#inet#fw4#vpn_domains_internal
nftset=/ahrefs.com/4#inet#fw4#vpn_domains_internal
nftset=/alberta.ca/4#inet#fw4#vpn_domains_internal
nftset=/allegro.pl/4#inet#fw4#vpn_domains_internal
nftset=/alphacoders.com/4#inet#fw4#vpn_domains_internal
nftset=/amazfitwatchfaces.com/4#inet#fw4#vpn_domains_internal
nftset=/amazonaws.com/4#inet#fw4#vpn_domains_internal
nftset=/amd.com/4#inet#fw4#vpn_domains_internal
nftset=/amdm.ru/4#inet#fw4#vpn_domains_internal
nftset=/amnezia.org/4#inet#fw4#vpn_domains_internal
nftset=/amx.com/4#inet#fw4#vpn_domains_internal
nftset=/analog.com/4#inet#fw4#vpn_domains_internal
nftset=/anidub.com/4#inet#fw4#vpn_domains_internal
nftset=/anilibria.tv/4#inet#fw4#vpn_domains_internal
nftset=/annas-archive.org/4#inet#fw4#vpn_domains_internal
nftset=/anthropic.com/4#inet#fw4#vpn_domains_internal
nftset=/aol.com/4#inet#fw4#vpn_domains_internal
nftset=/aplawrence.com/4#inet#fw4#vpn_domains_internal
nftset=/appspot.com/4#inet#fw4#vpn_domains_internal
nftset=/appstorrent.ru/4#inet#fw4#vpn_domains_internal
nftset=/aqicn.org/4#inet#fw4#vpn_domains_internal
nftset=/arbat.media/4#inet#fw4#vpn_domains_internal
nftset=/archive.ph/4#inet#fw4#vpn_domains_internal
nftset=/archiveofourown.org/4#inet#fw4#vpn_domains_internal
nftset=/as6723.net/4#inet#fw4#vpn_domains_internal
nftset=/atlassian.com/4#inet#fw4#vpn_domains_internal
nftset=/atn.ua/4#inet#fw4#vpn_domains_internal
nftset=/att.com/4#inet#fw4#vpn_domains_internal
nftset=/autodesk.com/4#inet#fw4#vpn_domains_internal
nftset=/avira.com/4#inet#fw4#vpn_domains_internal
nftset=/azathabar.com/4#inet#fw4#vpn_domains_internal
nftset=/azattyq.org/4#inet#fw4#vpn_domains_internal
nftset=/b-cdn.net/4#inet#fw4#vpn_domains_internal
nftset=/babook.org/4#inet#fw4#vpn_domains_internal
nftset=/baginya.org/4#inet#fw4#vpn_domains_internal
nftset=/baikal-journal.ru/4#inet#fw4#vpn_domains_internal
nftset=/bard.google.com/4#inet#fw4#vpn_domains_internal
nftset=/bato.to/4#inet#fw4#vpn_domains_internal
nftset=/bbc.co.uk/4#inet#fw4#vpn_domains_internal
nftset=/bbc.com/4#inet#fw4#vpn_domains_internal
nftset=/bbci.co.uk/4#inet#fw4#vpn_domains_internal
nftset=/bell-sw.com/4#inet#fw4#vpn_domains_internal
nftset=/bellingcat.com/4#inet#fw4#vpn_domains_internal
nftset=/bestbuy.com/4#inet#fw4#vpn_domains_internal
nftset=/bgpmon.net/4#inet#fw4#vpn_domains_internal
nftset=/bihus.info/4#inet#fw4#vpn_domains_internal
nftset=/bing.com/4#inet#fw4#vpn_domains_internal
nftset=/bitbucket.org/4#inet#fw4#vpn_domains_internal
nftset=/bitcoin.org/4#inet#fw4#vpn_domains_internal_internal
nftset=/bitdefender.com/4#inet#fw4#vpn_domains_internal
nftset=/bitru.org/4#inet#fw4#vpn_domains_internal
nftset=/blackseanews.net/4#inet#fw4#vpn_domains_internal
nftset=/blinkshot.io/4#inet#fw4#vpn_domains_internal
nftset=/bluehost.com/4#inet#fw4#vpn_domains_internal
nftset=/booktracker.org/4#inet#fw4#vpn_domains_internal
nftset=/boosteroid.com/4#inet#fw4#vpn_domains_internal
nftset=/bosch-home.com/4#inet#fw4#vpn_domains_internal
nftset=/bradyid.com/4#inet#fw4#vpn_domains_internal
nftset=/brave.com/4#inet#fw4#vpn_domains_internal
nftset=/brawlstarsgame.com/4#inet#fw4#vpn_domains_internal
nftset=/btdig.com/4#inet#fw4#vpn_domains_internal
nftset=/buanzo.org/4#inet#fw4#vpn_domains_internal
nftset=/buckaroo.nl/4#inet#fw4#vpn_domains_internal
nftset=/buf.build/4#inet#fw4#vpn_domains_internal
nftset=/builds.parsec.app/4#inet#fw4#vpn_domains_internal
nftset=/bumble.com/4#inet#fw4#vpn_domains_internal
nftset=/buymeacoffee.com/4#inet#fw4#vpn_domains_internal
nftset=/byteoversea.com/4#inet#fw4#vpn_domains_internal
nftset=/cambiumnetworks.com/4#inet#fw4#vpn_domains_internal
nftset=/canva.com/4#inet#fw4#vpn_domains_internal
nftset=/capcut.com/4#inet#fw4#vpn_domains_internal
nftset=/carnegieendowment.org/4#inet#fw4#vpn_domains_internal
nftset=/cats.com/4#inet#fw4#vpn_domains_internal
nftset=/cbilling.eu/4#inet#fw4#vpn_domains_internal
nftset=/cbilling.vip/4#inet#fw4#vpn_domains_internal
nftset=/cdnbunny.org/4#inet#fw4#vpn_domains_internal
nftset=/cdninstagram.com/4#inet#fw4#vpn_domains_internal
nftset=/cdw.com/4#inet#fw4#vpn_domains_internal
nftset=/censortracker.org/4#inet#fw4#vpn_domains_internal
nftset=/certifytheweb.com/4#inet#fw4#vpn_domains_internal
nftset=/chatgpt.com/4#inet#fw4#vpn_domains_internal
nftset=/chaturbate.com/4#inet#fw4#vpn_domains_internal
nftset=/cherta.media/4#inet#fw4#vpn_domains_internal
nftset=/chess.com/4#inet#fw4#vpn_domains_internal
nftset=/cisco.com/4#inet#fw4#vpn_domains_internal
nftset=/citrix.com/4#inet#fw4#vpn_domains_internal
nftset=/clamav.net/4#inet#fw4#vpn_domains_internal
nftset=/clashofclans.com/4#inet#fw4#vpn_domains_internal
nftset=/clashroyaleapp.com/4#inet#fw4#vpn_domains_internal
nftset=/claude.ai/4#inet#fw4#vpn_domains_internal
nftset=/cloudex.cc/4#inet#fw4#vpn_domains_internal
nftset=/cms-twdigitalassets.com/4#inet#fw4#vpn_domains_internal
nftset=/cnd2exp.online/4#inet#fw4#vpn_domains_internal
nftset=/cock.li/4#inet#fw4#vpn_domains_internal
nftset=/codeium.com/4#inet#fw4#vpn_domains_internal
nftset=/coinpayments.net/4#inet#fw4#vpn_domains_internal
nftset=/coinsbee.com/4#inet#fw4#vpn_domains_internal
nftset=/coldfilm.xyz/4#inet#fw4#vpn_domains_internal
nftset=/colta.ru/4#inet#fw4#vpn_domains_internal
nftset=/copilot.microsoft.com/4#inet#fw4#vpn_domains_internal
nftset=/coursera.org/4#inet#fw4#vpn_domains_internal
nftset=/cpu-monkey.com/4#inet#fw4#vpn_domains_internal
nftset=/credly.com/4#inet#fw4#vpn_domains_internal
nftset=/crunchyroll.com/4#inet#fw4#vpn_domains_internal
nftset=/cucumber.io/4#inet#fw4#vpn_domains_internal
nftset=/currenttime.tv/4#inet#fw4#vpn_domains_internal
nftset=/cursorinfo.co.il/4#inet#fw4#vpn_domains_internal
nftset=/cyberghostvpn.com/4#inet#fw4#vpn_domains_internal
nftset=/cyxymu.info/4#inet#fw4#vpn_domains_internal
nftset=/czx.to/4#inet#fw4#vpn_domains_internal
nftset=/daemon-tools.cc/4#inet#fw4#vpn_domains_internal
nftset=/decrypt.day/4#inet#fw4#vpn_domains_internal
nftset=/deepstatemap.live/4#inet#fw4#vpn_domains_internal
nftset=/deezer.com/4#inet#fw4#vpn_domains_internal
nftset=/delfi.ee/4#inet#fw4#vpn_domains_internal
nftset=/delfi.lt/4#inet#fw4#vpn_domains_internal
nftset=/delfi.lv/4#inet#fw4#vpn_domains_internal
nftset=/dell.com/4#inet#fw4#vpn_domains_internal
nftset=/dellcdn.com/4#inet#fw4#vpn_domains_internal
nftset=/depositphotos.com/4#inet#fw4#vpn_domains_internal
nftset=/designer.microsoft.com/4#inet#fw4#vpn_domains_internal
nftset=/deviantart.com/4#inet#fw4#vpn_domains_internal
nftset=/devops.com/4#inet#fw4#vpn_domains_internal
nftset=/digikey.com/4#inet#fw4#vpn_domains_internal
nftset=/digitalcontent.sky/4#inet#fw4#vpn_domains_internal
nftset=/digitalocean.com/4#inet#fw4#vpn_domains_internal
nftset=/dis.gd/4#inet#fw4#vpn_domains_internal
nftset=/discord-activities.com/4#inet#fw4#vpn_domains_internal
nftset=/discord-attachments-uploads-prd.storage.googleapis.com/4#inet#fw4#vpn_domains_internal
nftset=/discord.co/4#inet#fw4#vpn_domains_internal
nftset=/discord.com/4#inet#fw4#vpn_domains_internal
nftset=/discord.design/4#inet#fw4#vpn_domains_internal
nftset=/discord.dev/4#inet#fw4#vpn_domains_internal
nftset=/discord.gg/4#inet#fw4#vpn_domains_internal
nftset=/discord.gift/4#inet#fw4#vpn_domains_internal
nftset=/discord.gifts/4#inet#fw4#vpn_domains_internal
nftset=/discord.media/4#inet#fw4#vpn_domains_internal
nftset=/discord.new/4#inet#fw4#vpn_domains_internal
nftset=/discord.store/4#inet#fw4#vpn_domains_internal
nftset=/discord.tools/4#inet#fw4#vpn_domains_internal
nftset=/discordactivities.com/4#inet#fw4#vpn_domains_internal
nftset=/discordapp.com/4#inet#fw4#vpn_domains_internal
nftset=/discordapp.io/4#inet#fw4#vpn_domains_internal
nftset=/discordapp.net/4#inet#fw4#vpn_domains_internal
nftset=/discordapp.org/4#inet#fw4#vpn_domains_internal
nftset=/discordmerch.com/4#inet#fw4#vpn_domains_internal
nftset=/discordpartygames.com/4#inet#fw4#vpn_domains_internal
nftset=/discordsays.com/4#inet#fw4#vpn_domains_internal
nftset=/discordstatus.com/4#inet#fw4#vpn_domains_internal
nftset=/discours.io/4#inet#fw4#vpn_domains_internal
nftset=/disctech.com/4#inet#fw4#vpn_domains_internal
nftset=/dobrochan.net/4#inet#fw4#vpn_domains_internal
nftset=/donmai.us/4#inet#fw4#vpn_domains_internal
nftset=/dorama.live/4#inet#fw4#vpn_domains_internal
nftset=/doramalive.ru/4#inet#fw4#vpn_domains_internal
nftset=/doramy.club/4#inet#fw4#vpn_domains_internal
nftset=/dovod.online/4#inet#fw4#vpn_domains_internal
nftset=/doxa.team/4#inet#fw4#vpn_domains_internal
nftset=/doxajournal.ru/4#inet#fw4#vpn_domains_internal
nftset=/dpidetector.org/4#inet#fw4#vpn_domains_internal
nftset=/dreamhost.com/4#inet#fw4#vpn_domains_internal
nftset=/dw.com/4#inet#fw4#vpn_domains_internal
nftset=/e621.net/4#inet#fw4#vpn_domains_internal
nftset=/echofm.online/4#inet#fw4#vpn_domains_internal
nftset=/edu-cisco.org/4#inet#fw4#vpn_domains_internal
nftset=/eggertspiele.de/4#inet#fw4#vpn_domains_internal
nftset=/ehorussia.com/4#inet#fw4#vpn_domains_internal
nftset=/ej.ru/4#inet#fw4#vpn_domains_internal
nftset=/ekhokavkaza.com/4#inet#fw4#vpn_domains_internal
nftset=/elastic.co/4#inet#fw4#vpn_domains_internal
nftset=/element14.com/4#inet#fw4#vpn_domains_internal
nftset=/elevenlabs.io/4#inet#fw4#vpn_domains_internal
nftset=/etsy.com/4#inet#fw4#vpn_domains_internal
nftset=/euronews.com/4#inet#fw4#vpn_domains_internal
nftset=/euroradio.fm/4#inet#fw4#vpn_domains_internal
nftset=/eutrp.eu/4#inet#fw4#vpn_domains_internal
nftset=/everand.com/4#inet#fw4#vpn_domains_internal
nftset=/exler.ru/4#inet#fw4#vpn_domains_internal
nftset=/expres.online/4#inet#fw4#vpn_domains_internal
nftset=/extremetech.com/4#inet#fw4#vpn_domains_internal
nftset=/f1.com/4#inet#fw4#vpn_domains_internal
nftset=/f95-zone.to/4#inet#fw4#vpn_domains_internal
nftset=/f95zone.to/4#inet#fw4#vpn_domains_internal
nftset=/facebook.com/4#inet#fw4#vpn_domains_internal
nftset=/facebook.net/4#inet#fw4#vpn_domains_internal
nftset=/fast-torrent.club/4#inet#fw4#vpn_domains_internal
nftset=/fast.com/4#inet#fw4#vpn_domains_internal
nftset=/fastly.net/4#inet#fw4#vpn_domains_internal
nftset=/fb.com/4#inet#fw4#vpn_domains_internal
nftset=/fbcdn.net/4#inet#fw4#vpn_domains_internal
nftset=/fbsbx.com/4#inet#fw4#vpn_domains_internal
nftset=/fex.net/4#inet#fw4#vpn_domains_internal
nftset=/fextralife.com/4#inet#fw4#vpn_domains_internal
nftset=/ficbook.net/4#inet#fw4#vpn_domains_internal
nftset=/filmitorrent.net/4#inet#fw4#vpn_domains_internal
nftset=/filmix.ac/4#inet#fw4#vpn_domains_internal
nftset=/filmix.biz/4#inet#fw4#vpn_domains_internal
nftset=/filmix.day/4#inet#fw4#vpn_domains_internal
nftset=/filmix.fm/4#inet#fw4#vpn_domains_internal
nftset=/filmix.la/4#inet#fw4#vpn_domains_internal
nftset=/flibusta.is/4#inet#fw4#vpn_domains_internal
nftset=/flibusta.net/4#inet#fw4#vpn_domains_internal
nftset=/flipboard.com/4#inet#fw4#vpn_domains_internal
nftset=/flir.com/4#inet#fw4#vpn_domains_internal
nftset=/flir.eu/4#inet#fw4#vpn_domains_internal
nftset=/fls.guru/4#inet#fw4#vpn_domains_internal
nftset=/fluke.com/4#inet#fw4#vpn_domains_internal
nftset=/flukenetworks.com/4#inet#fw4#vpn_domains_internal
nftset=/fn-volga.ru/4#inet#fw4#vpn_domains_internal
nftset=/fonge.org/4#inet#fw4#vpn_domains_internal
nftset=/force-user-content.com/4#inet#fw4#vpn_domains_internal
nftset=/force.com/4#inet#fw4#vpn_domains_internal
nftset=/fork.pet/4#inet#fw4#vpn_domains_internal
nftset=/forklog.com/4#inet#fw4#vpn_domains_internal
nftset=/formula1.com/4#inet#fw4#vpn_domains_internal
nftset=/fortanga.org/4#inet#fw4#vpn_domains_internal
nftset=/freedomletters.org/4#inet#fw4#vpn_domains_internal
nftset=/freeimages.com/4#inet#fw4#vpn_domains_internal
nftset=/freemedia.io/4#inet#fw4#vpn_domains_internal
nftset=/gagadget.com/4#inet#fw4#vpn_domains_internal
nftset=/gamedistribution.com/4#inet#fw4#vpn_domains_internal
nftset=/gameloft.com/4#inet#fw4#vpn_domains_internal
nftset=/gamesrepack.com/4#inet#fw4#vpn_domains_internal
nftset=/geforcenow.com/4#inet#fw4#vpn_domains_internal
nftset=/gelbooru.com/4#inet#fw4#vpn_domains_internal
nftset=/gemini.google.com/4#inet#fw4#vpn_domains_internal
nftset=/geni.us/4#inet#fw4#vpn_domains_internal
nftset=/genius.com/4#inet#fw4#vpn_domains_internal
nftset=/germania.one/4#inet#fw4#vpn_domains_internal
nftset=/getoutline.com/4#inet#fw4#vpn_domains_internal
nftset=/getoutline.org/4#inet#fw4#vpn_domains_internal
nftset=/gfn.am/4#inet#fw4#vpn_domains_internal
nftset=/ggpht.com/4#inet#fw4#vpn_domains_internal
nftset=/gitlab.com/4#inet#fw4#vpn_domains_internal
nftset=/gitlab.io/4#inet#fw4#vpn_domains_internal
nftset=/glpals.com/4#inet#fw4#vpn_domains_internal
nftset=/gnome-look.org/4#inet#fw4#vpn_domains_internal
nftset=/godaddy.com/4#inet#fw4#vpn_domains_internal
nftset=/gofile.io/4#inet#fw4#vpn_domains_internal
nftset=/gofundme.com/4#inet#fw4#vpn_domains_internal
nftset=/golosameriki.com/4#inet#fw4#vpn_domains_internal
nftset=/gonitro.com/4#inet#fw4#vpn_domains_internal
nftset=/goodreads.com/4#inet#fw4#vpn_domains_internal
nftset=/googlevideo.com/4#inet#fw4#vpn_domains_internal
nftset=/gordonua.com/4#inet#fw4#vpn_domains_internal
nftset=/gpsonextra.net/4#inet#fw4#vpn_domains_internal
nftset=/gr-assets.com/4#inet#fw4#vpn_domains_internal
nftset=/grafana.com/4#inet#fw4#vpn_domains_internal
nftset=/grammarly.com/4#inet#fw4#vpn_domains_internal
nftset=/grani.ru/4#inet#fw4#vpn_domains_internal
nftset=/graty.me/4#inet#fw4#vpn_domains_internal
nftset=/graylog.org/4#inet#fw4#vpn_domains_internal_internal
nftset=/grazie.ai/4#inet#fw4#vpn_domains_internal
nftset=/groq.com/4#inet#fw4#vpn_domains_internal
nftset=/guilded.gg/4#inet#fw4#vpn_domains_internal
nftset=/gulagu.net/4#inet#fw4#vpn_domains_internal
nftset=/habr.com/4#inet#fw4#vpn_domains_internal
nftset=/hackernoon.com/4#inet#fw4#vpn_domains_internal
nftset=/hashicorp.com/4#inet#fw4#vpn_domains_internal
nftset=/hdrezka.ac/4#inet#fw4#vpn_domains_internal
nftset=/hdrezka.ag/4#inet#fw4#vpn_domains_internal
nftset=/healthline.com/4#inet#fw4#vpn_domains_internal
nftset=/hentai-foundry.com/4#inet#fw4#vpn_domains_internal
nftset=/hetzner.com/4#inet#fw4#vpn_domains_internal
nftset=/hollisterco.com/4#inet#fw4#vpn_domains_internal
nftset=/holod.media/4#inet#fw4#vpn_domains_internal
nftset=/home-connect.com/4#inet#fw4#vpn_domains_internal
nftset=/hostgator.com/4#inet#fw4#vpn_domains_internal
nftset=/hostinger.com/4#inet#fw4#vpn_domains_internal
nftset=/hotels.com/4#inet#fw4#vpn_domains_internal
nftset=/hrw.org/4#inet#fw4#vpn_domains_internal
nftset=/hs.fi/4#inet#fw4#vpn_domains_internal
nftset=/huawei.com/4#inet#fw4#vpn_domains_internal
nftset=/hyperhost.ua/4#inet#fw4#vpn_domains_internal
nftset=/ibm.com/4#inet#fw4#vpn_domains_internal
nftset=/ibytedtos.com/4#inet#fw4#vpn_domains_internal
nftset=/idelreal.org/4#inet#fw4#vpn_domains_internal
nftset=/ig.me/4#inet#fw4#vpn_domains_internal
nftset=/ign.com/4#inet#fw4#vpn_domains_internal
nftset=/iherb.com/4#inet#fw4#vpn_domains_internal
nftset=/iichan.hk/4#inet#fw4#vpn_domains_internal
nftset=/ill.in.ua/4#inet#fw4#vpn_domains_internal
nftset=/ilook.tv/4#inet#fw4#vpn_domains_internal
nftset=/important-stories.com/4#inet#fw4#vpn_domains_internal
nftset=/indiehackers.com/4#inet#fw4#vpn_domains_internal
nftset=/infineon.com/4#inet#fw4#vpn_domains_internal
nftset=/intel.com/4#inet#fw4#vpn_domains_internal
nftset=/intel.de/4#inet#fw4#vpn_domains_internal
nftset=/intellij.net/4#inet#fw4#vpn_domains_internal
nftset=/interactivebrokers.co.uk/4#inet#fw4#vpn_domains_internal
nftset=/interfax.com.ua/4#inet#fw4#vpn_domains_internal
nftset=/internalfb.com/4#inet#fw4#vpn_domains_internal
nftset=/intuit.com/4#inet#fw4#vpn_domains_internal
nftset=/intuitibits.com/4#inet#fw4#vpn_domains_internal
nftset=/ionos.com/4#inet#fw4#vpn_domains_internal
nftset=/iptv.online/4#inet#fw4#vpn_domains_internal
nftset=/is.fi/4#inet#fw4#vpn_domains_internal
nftset=/island-of-pleasure.site/4#inet#fw4#vpn_domains_internal
nftset=/istories.media/4#inet#fw4#vpn_domains_internal
nftset=/itninja.com/4#inet#fw4#vpn_domains_internal
nftset=/itsmycity.ru/4#inet#fw4#vpn_domains_internal
nftset=/jabra.com/4#inet#fw4#vpn_domains_internal
nftset=/jamf.com/4#inet#fw4#vpn_domains_internal
nftset=/jauns.lv/4#inet#fw4#vpn_domains_internal
nftset=/jetbrains.com/4#inet#fw4#vpn_domains_internal
nftset=/kaktus.media/4#inet#fw4#vpn_domains_internal
nftset=/kamatera.com/4#inet#fw4#vpn_domains_internal
nftset=/kasparov.ru/4#inet#fw4#vpn_domains_internal
nftset=/kavkaz-uzel.eu/4#inet#fw4#vpn_domains_internal
nftset=/kavkazr.com/4#inet#fw4#vpn_domains_internal
nftset=/kemono.party/4#inet#fw4#vpn_domains_internal
nftset=/keysight.com/4#inet#fw4#vpn_domains_internal
nftset=/kinobase.org/4#inet#fw4#vpn_domains_internal
nftset=/kinogo.la/4#inet#fw4#vpn_domains_internal
nftset=/kinogo.uk/4#inet#fw4#vpn_domains_internal
nftset=/kinokopilka.pro/4#inet#fw4#vpn_domains_internal
nftset=/kinovod.net/4#inet#fw4#vpn_domains_internal
nftset=/kinozal.guru/4#inet#fw4#vpn_domains_internal
nftset=/kinozal.me/4#inet#fw4#vpn_domains_internal
nftset=/kinozal.tv/4#inet#fw4#vpn_domains_internal
nftset=/knews.kg/4#inet#fw4#vpn_domains_internal
nftset=/kolsar.org/4#inet#fw4#vpn_domains_internal
nftset=/korrespondent.net/4#inet#fw4#vpn_domains_internal
nftset=/kovcheg.live/4#inet#fw4#vpn_domains_internal
nftset=/kpapp.link/4#inet#fw4#vpn_domains_internal
nftset=/krymr.com/4#inet#fw4#vpn_domains_internal
nftset=/kupujemprodajem.com/4#inet#fw4#vpn_domains_internal
nftset=/lambdalabs.com/4#inet#fw4#vpn_domains_internal
nftset=/lamcdn.net/4#inet#fw4#vpn_domains_internal
nftset=/ldoceonline.com/4#inet#fw4#vpn_domains_internal
nftset=/leafletjs.com/4#inet#fw4#vpn_domains_internal
nftset=/leica-geosystems.com/4#inet#fw4#vpn_domains_internal
nftset=/lenovo.com/4#inet#fw4#vpn_domains_internal
nftset=/libgen.rs/4#inet#fw4#vpn_domains_internal
nftset=/licdn.com/4#inet#fw4#vpn_domains_internal
nftset=/lidarr.audio/4#inet#fw4#vpn_domains_internal
nftset=/lifehacker.com/4#inet#fw4#vpn_domains_internal
nftset=/linear.app/4#inet#fw4#vpn_domains_internal
nftset=/linkedin.com/4#inet#fw4#vpn_domains_internal
nftset=/linktr.ee/4#inet#fw4#vpn_domains_internal
nftset=/linuxiac.com/4#inet#fw4#vpn_domains_internal
nftset=/liquibase.com/4#inet#fw4#vpn_domains_internal
nftset=/live.net/4#inet#fw4#vpn_domains_internal
nftset=/livetv.sx/4#inet#fw4#vpn_domains_internal
nftset=/liveuamap.com/4#inet#fw4#vpn_domains_internal
nftset=/localbitcoins.com/4#inet#fw4#vpn_domains_internal
nftset=/locals.md/4#inet#fw4#vpn_domains_internal
nftset=/lolz.guru/4#inet#fw4#vpn_domains_internal
nftset=/lookerstudio.google.com/4#inet#fw4#vpn_domains_internal
nftset=/lostfilm.run/4#inet#fw4#vpn_domains_internal
nftset=/lostfilm.top/4#inet#fw4#vpn_domains_internal
nftset=/lostfilm.tv/4#inet#fw4#vpn_domains_internal
nftset=/lostfilm.win/4#inet#fw4#vpn_domains_internal
nftset=/lostfilmtv2.site/4#inet#fw4#vpn_domains_internal
nftset=/lostfilmtv5.site/4#inet#fw4#vpn_domains_internal
nftset=/m3u.in/4#inet#fw4#vpn_domains_internal
nftset=/macpaw.com/4#inet#fw4#vpn_domains_internal
nftset=/macvendors.com/4#inet#fw4#vpn_domains_internal
nftset=/mailfence.com/4#inet#fw4#vpn_domains_internal
nftset=/mailo.com/4#inet#fw4#vpn_domains_internal
nftset=/malwarebytes.com/4#inet#fw4#vpn_domains_internal
nftset=/mangadex.org/4#inet#fw4#vpn_domains_internal
nftset=/mangapark.net/4#inet#fw4#vpn_domains_internal
nftset=/mattermost.com/4#inet#fw4#vpn_domains_internal
nftset=/mbed.com/4#inet#fw4#vpn_domains_internal
nftset=/mdza.io/4#inet#fw4#vpn_domains_internal
nftset=/mediazona.ca/4#inet#fw4#vpn_domains_internal
nftset=/mediazona.online/4#inet#fw4#vpn_domains_internal
nftset=/medicalnewstoday.com/4#inet#fw4#vpn_domains_internal
nftset=/medium.com/4#inet#fw4#vpn_domains_internal
nftset=/meduza.io/4#inet#fw4#vpn_domains_internal
nftset=/megapeer.ru/4#inet#fw4#vpn_domains_internal
nftset=/megapeer.vip/4#inet#fw4#vpn_domains_internal
nftset=/memohrc.org/4#inet#fw4#vpn_domains_internal
nftset=/meraki.com/4#inet#fw4#vpn_domains_internal
nftset=/merezha.co/4#inet#fw4#vpn_domains_internal
nftset=/metacritic.com/4#inet#fw4#vpn_domains_internal
nftset=/metla.press/4#inet#fw4#vpn_domains_internal
nftset=/microchip.com/4#inet#fw4#vpn_domains_internal
nftset=/middlewareinventory.com/4#inet#fw4#vpn_domains_internal
nftset=/mignews.com/4#inet#fw4#vpn_domains_internal
nftset=/mongodb.com/4#inet#fw4#vpn_domains_internal
nftset=/mongodb.org/4#inet#fw4#vpn_domains_internal
nftset=/monoprice.com/4#inet#fw4#vpn_domains_internal
nftset=/monster.ie/4#inet#fw4#vpn_domains_internal
nftset=/more.fm/4#inet#fw4#vpn_domains_internal
nftset=/moscowtimes.ru/4#inet#fw4#vpn_domains_internal
nftset=/mouser.com/4#inet#fw4#vpn_domains_internal
nftset=/mouser.fi/4#inet#fw4#vpn_domains_internal
nftset=/mrakopedia.net/4#inet#fw4#vpn_domains_internal
nftset=/mullvad.net/4#inet#fw4#vpn_domains_internal
nftset=/muscdn.com/4#inet#fw4#vpn_domains_internal
nftset=/musical.ly/4#inet#fw4#vpn_domains_internal
nftset=/mydoramy.club/4#inet#fw4#vpn_domains_internal
nftset=/myjetbrains.com/4#inet#fw4#vpn_domains_internal
nftset=/nasvsehtoshnit.ru/4#inet#fw4#vpn_domains_internal
nftset=/navalny.com/4#inet#fw4#vpn_domains_internal
nftset=/nba.com/4#inet#fw4#vpn_domains_internal
nftset=/neformat.com.ua/4#inet#fw4#vpn_domains_internal
nftset=/netflix.com/4#inet#fw4#vpn_domains_internal
nftset=/netlify.com/4#inet#fw4#vpn_domains_internal
nftset=/networksolutions.com/4#inet#fw4#vpn_domains_internal
nftset=/newark.com/4#inet#fw4#vpn_domains_internal
nftset=/news.google.com/4#inet#fw4#vpn_domains_internal
nftset=/newsru.co.il/4#inet#fw4#vpn_domains_internal
nftset=/newsru.com/4#inet#fw4#vpn_domains_internal
nftset=/newstudio.tv/4#inet#fw4#vpn_domains_internal
nftset=/newtimes.ru/4#inet#fw4#vpn_domains_internal
nftset=/nflxext.com/4#inet#fw4#vpn_domains_internal
nftset=/nflximg.net/4#inet#fw4#vpn_domains_internal
nftset=/nflxvideo.net/4#inet#fw4#vpn_domains_internal
nftset=/ngrok.com/4#inet#fw4#vpn_domains_internal
nftset=/nhentai.com/4#inet#fw4#vpn_domains_internal
nftset=/nih.gov/4#inet#fw4#vpn_domains_internal
nftset=/nike.com/4#inet#fw4#vpn_domains_internal
nftset=/nitropdf.com/4#inet#fw4#vpn_domains_internal
nftset=/nnmclub.to/4#inet#fw4#vpn_domains_internal
nftset=/nnmstatic.win/4#inet#fw4#vpn_domains_internal
nftset=/nordvpn.com/4#inet#fw4#vpn_domains_internal
nftset=/notepad-plus-plus.org/4#inet#fw4#vpn_domains_internal
nftset=/notion-static.com/4#inet#fw4#vpn_domains_internal
nftset=/notion.com/4#inet#fw4#vpn_domains_internal
nftset=/notion.new/4#inet#fw4#vpn_domains_internal
nftset=/notion.site/4#inet#fw4#vpn_domains_internal
nftset=/notion.so/4#inet#fw4#vpn_domains_internal
nftset=/novaline.fm/4#inet#fw4#vpn_domains_internal
nftset=/novaya.no/4#inet#fw4#vpn_domains_internal
nftset=/novayagazeta.eu/4#inet#fw4#vpn_domains_internal
nftset=/novayagazeta.ru/4#inet#fw4#vpn_domains_internal
nftset=/ntc.party/4#inet#fw4#vpn_domains_internal
nftset=/nxp.com/4#inet#fw4#vpn_domains_internal
nftset=/nyaa.si/4#inet#fw4#vpn_domains_internal
nftset=/oaistatic.com/4#inet#fw4#vpn_domains_internal
nftset=/oaiusercontent.com/4#inet#fw4#vpn_domains_internal
nftset=/oasis.app/4#inet#fw4#vpn_domains_internal
nftset=/ocstore.com/4#inet#fw4#vpn_domains_internal
nftset=/oculus.com/4#inet#fw4#vpn_domains_internal
nftset=/ohmyswift.ru/4#inet#fw4#vpn_domains_internal
nftset=/oi.legal/4#inet#fw4#vpn_domains_internal
nftset=/olx.ua/4#inet#fw4#vpn_domains_internal
nftset=/omv-extras.org/4#inet#fw4#vpn_domains_internal
nftset=/on24.com/4#inet#fw4#vpn_domains_internal
nftset=/onetrust.com/4#inet#fw4#vpn_domains_internal
nftset=/onlineradiobox.com/4#inet#fw4#vpn_domains_internal
nftset=/onlinesim.io/4#inet#fw4#vpn_domains_internal
nftset=/onlinesim.ru/4#inet#fw4#vpn_domains_internal
nftset=/onshape.com/4#inet#fw4#vpn_domains_internal
nftset=/openai.com/4#inet#fw4#vpn_domains_internal
nftset=/openmedia.io/4#inet#fw4#vpn_domains_internal
nftset=/opensea.io/4#inet#fw4#vpn_domains_internal
nftset=/opentrackr.org/4#inet#fw4#vpn_domains_internal
nftset=/opposition-news.com/4#inet#fw4#vpn_domains_internal
nftset=/ovd.info/4#inet#fw4#vpn_domains_internal
nftset=/ovd.legal/4#inet#fw4#vpn_domains_internal
nftset=/ovd.news/4#inet#fw4#vpn_domains_internal
nftset=/ovdinfo.org/4#inet#fw4#vpn_domains_internal
nftset=/ozi-ru.org/4#inet#fw4#vpn_domains_internal
nftset=/ozodi.org/4#inet#fw4#vpn_domains_internal
nftset=/pages.dev/4#inet#fw4#vpn_domains_internal
nftset=/pandasecurity.com/4#inet#fw4#vpn_domains_internal
nftset=/pap.pl/4#inet#fw4#vpn_domains_internal
nftset=/paperpaper.io/4#inet#fw4#vpn_domains_internal
nftset=/paperpaper.ru/4#inet#fw4#vpn_domains_internal
nftset=/paraplan.net/4#inet#fw4#vpn_domains_internal
nftset=/paraswap.io/4#inet#fw4#vpn_domains_internal
nftset=/patreon.com/4#inet#fw4#vpn_domains_internal
nftset=/patriot.dp.ua/4#inet#fw4#vpn_domains_internal
nftset=/paypal.com/4#inet#fw4#vpn_domains_internal
nftset=/pb.wtf/4#inet#fw4#vpn_domains_internal
nftset=/pcbway.com/4#inet#fw4#vpn_domains_internal
nftset=/pcbway.ru/4#inet#fw4#vpn_domains_internal
nftset=/pcgamesn.com/4#inet#fw4#vpn_domains_internal
nftset=/periscope.tv/4#inet#fw4#vpn_domains_internal
nftset=/pexels.com/4#inet#fw4#vpn_domains_internal
nftset=/phncdn.com/4#inet#fw4#vpn_domains_internal
nftset=/php.su/4#inet#fw4#vpn_domains_internal
nftset=/piccy.info/4#inet#fw4#vpn_domains_internal
nftset=/pimpletv.ru/4#inet#fw4#vpn_domains_internal
nftset=/pingdom.com/4#inet#fw4#vpn_domains_internal
nftset=/piratbit.top/4#inet#fw4#vpn_domains_internal
nftset=/pixiv.net/4#inet#fw4#vpn_domains_internal
nftset=/plab.site/4#inet#fw4#vpn_domains_internal
nftset=/plugshare.com/4#inet#fw4#vpn_domains_internal
nftset=/polit.ru/4#inet#fw4#vpn_domains_internal
nftset=/politiken.dk/4#inet#fw4#vpn_domains_internal
nftset=/polymarket.com/4#inet#fw4#vpn_domains_internal
nftset=/porsche.com/4#inet#fw4#vpn_domains_internal
nftset=/posle.media/4#inet#fw4#vpn_domains_internal
nftset=/postfix.org/4#inet#fw4#vpn_domains_internal
nftset=/postimees.ee/4#inet#fw4#vpn_domains_internal
nftset=/pravda.com.ua/4#inet#fw4#vpn_domains_internal
nftset=/premierleague.com/4#inet#fw4#vpn_domains_internal
nftset=/privatekeys.pw/4#inet#fw4#vpn_domains_internal
nftset=/prnt.sc/4#inet#fw4#vpn_domains_internal
nftset=/proekt.media/4#inet#fw4#vpn_domains_internal
nftset=/prosleduetmedia.com/4#inet#fw4#vpn_domains_internal
nftset=/prostovpn.org/4#inet#fw4#vpn_domains_internal
nftset=/proton.me/4#inet#fw4#vpn_domains_internal
nftset=/protonmail.ch/4#inet#fw4#vpn_domains_internal
nftset=/protonmail.com/4#inet#fw4#vpn_domains_internal
nftset=/protonvpn.com/4#inet#fw4#vpn_domains_internal
nftset=/provereno.media/4#inet#fw4#vpn_domains_internal
nftset=/prowlarr.com/4#inet#fw4#vpn_domains_internal
nftset=/pscp.tv/4#inet#fw4#vpn_domains_internal
nftset=/psiphon.ca/4#inet#fw4#vpn_domains_internal
nftset=/public.parsec.app/4#inet#fw4#vpn_domains_internal
nftset=/pulselive.com/4#inet#fw4#vpn_domains_internal
nftset=/qt.io/4#inet#fw4#vpn_domains_internal
nftset=/qualcomm.com/4#inet#fw4#vpn_domains_internal
nftset=/quickconnect.to/4#inet#fw4#vpn_domains_internal
nftset=/quietpc.com/4#inet#fw4#vpn_domains_internal
nftset=/quora.com/4#inet#fw4#vpn_domains_internal
nftset=/radarr.video/4#inet#fw4#vpn_domains_internal
nftset=/radiosakharov.org/4#inet#fw4#vpn_domains_internal
nftset=/radiosvoboda.org/4#inet#fw4#vpn_domains_internal
nftset=/rbc.ua/4#inet#fw4#vpn_domains_internal
nftset=/reactflow.dev/4#inet#fw4#vpn_domains_internal
nftset=/realist.online/4#inet#fw4#vpn_domains_internal
nftset=/recraft.ai/4#inet#fw4#vpn_domains_internal
nftset=/redis.com/4#inet#fw4#vpn_domains_internal
nftset=/redis.io/4#inet#fw4#vpn_domains_internal
nftset=/redshieldvpn.com/4#inet#fw4#vpn_domains_internal
nftset=/redtube.com/4#inet#fw4#vpn_domains_internal
nftset=/refactoring.guru/4#inet#fw4#vpn_domains_internal
nftset=/refinitiv.com/4#inet#fw4#vpn_domains_internal
nftset=/remove.bg/4#inet#fw4#vpn_domains_internal
nftset=/render-state.to/4#inet#fw4#vpn_domains_internal
nftset=/republic.ru/4#inet#fw4#vpn_domains_internal
nftset=/resp.app/4#inet#fw4#vpn_domains_internal
nftset=/rezka.ag/4#inet#fw4#vpn_domains_internal
nftset=/rezka.my/4#inet#fw4#vpn_domains_internal
nftset=/rezkify.com/4#inet#fw4#vpn_domains_internal
nftset=/rezonans.media/4#inet#fw4#vpn_domains_internal
nftset=/rferl.org/4#inet#fw4#vpn_domains_internal
nftset=/riotpixels.com/4#inet#fw4#vpn_domains_internal
nftset=/riperam.org/4#inet#fw4#vpn_domains_internal
nftset=/roar-review.com/4#inet#fw4#vpn_domains_internal
nftset=/root-nation.com/4#inet#fw4#vpn_domains_internal
nftset=/rsf.org/4#inet#fw4#vpn_domains_internal
nftset=/ru-board.com/4#inet#fw4#vpn_domains_internal
nftset=/ruckuswireless.com/4#inet#fw4#vpn_domains_internal
nftset=/rule34.art/4#inet#fw4#vpn_domains_internal
nftset=/rus-media.org/4#inet#fw4#vpn_domains_internal
nftset=/rus.ec/4#inet#fw4#vpn_domains_internal
nftset=/rustorka.com/4#inet#fw4#vpn_domains_internal
nftset=/rutor.info/4#inet#fw4#vpn_domains_internal
nftset=/rutor.is/4#inet#fw4#vpn_domains_internal
nftset=/rutor.org/4#inet#fw4#vpn_domains_internal
nftset=/rutracker.cc/4#inet#fw4#vpn_domains_internal
nftset=/rutracker.net/4#inet#fw4#vpn_domains_internal
nftset=/rutracker.org/4#inet#fw4#vpn_domains_internal
nftset=/rutracker.ru/4#inet#fw4#vpn_domains_internal
nftset=/sakh.com/4#inet#fw4#vpn_domains_internal
nftset=/sakhalin.info/4#inet#fw4#vpn_domains_internal
nftset=/sakharovfoundation.org/4#inet#fw4#vpn_domains_internal
nftset=/salesforce-experience.com/4#inet#fw4#vpn_domains_internal
nftset=/salesforce-hub.com/4#inet#fw4#vpn_domains_internal
nftset=/salesforce-scrt.com/4#inet#fw4#vpn_domains_internal
nftset=/salesforce-setup.com/4#inet#fw4#vpn_domains_internal
nftset=/salesforce-sites.com/4#inet#fw4#vpn_domains_internal
nftset=/salesforce.com/4#inet#fw4#vpn_domains_internal
nftset=/salesforceiq.com/4#inet#fw4#vpn_domains_internal
nftset=/salesforceliveagent.com/4#inet#fw4#vpn_domains_internal
nftset=/sap.com/4#inet#fw4#vpn_domains_internal
nftset=/saverudata.info/4#inet#fw4#vpn_domains_internal
nftset=/saverudata.net/4#inet#fw4#vpn_domains_internal
nftset=/schaeffler.com/4#inet#fw4#vpn_domains_internal
nftset=/screamingfrog.co.uk/4#inet#fw4#vpn_domains_internal
nftset=/sdxcentral.com/4#inet#fw4#vpn_domains_internal
nftset=/searchfloor.org/4#inet#fw4#vpn_domains_internal
nftset=/seasonvar.ru/4#inet#fw4#vpn_domains_internal
nftset=/sebeanus.online/4#inet#fw4#vpn_domains_internal
nftset=/selezen.org/4#inet#fw4#vpn_domains_internal
nftset=/semnasem.org/4#inet#fw4#vpn_domains_internal
nftset=/sentry.io/4#inet#fw4#vpn_domains_internal
nftset=/sephora.com/4#inet#fw4#vpn_domains_internal
nftset=/serpstat.com/4#inet#fw4#vpn_domains_internal
nftset=/servarr.com/4#inet#fw4#vpn_domains_internal
nftset=/service-kp.com/4#inet#fw4#vpn_domains_internal
nftset=/severreal.org/4#inet#fw4#vpn_domains_internal
nftset=/sfdcopens.com/4#inet#fw4#vpn_domains_internal
nftset=/shikimori.me/4#inet#fw4#vpn_domains_internal
nftset=/shinyhardware.co.uk/4#inet#fw4#vpn_domains_internal
nftset=/showip.net/4#inet#fw4#vpn_domains_internal
nftset=/sibreal.org/4#inet#fw4#vpn_domains_internal
nftset=/signal.org/4#inet#fw4#vpn_domains_internal
nftset=/simplex.chat/4#inet#fw4#vpn_domains_internal
nftset=/simplex.im/4#inet#fw4#vpn_domains_internal
nftset=/simplix.info/4#inet#fw4#vpn_domains_internal
nftset=/singlekey-id.com/4#inet#fw4#vpn_domains_internal
nftset=/site.com/4#inet#fw4#vpn_domains_internal
nftset=/skat.media/4#inet#fw4#vpn_domains_internal
nftset=/skiff.com/4#inet#fw4#vpn_domains_internal
nftset=/skladchik.com/4#inet#fw4#vpn_domains_internal
nftset=/skladchiki.pro/4#inet#fw4#vpn_domains_internal
nftset=/skladchina.vip/4#inet#fw4#vpn_domains_internal
nftset=/sky.com/4#inet#fw4#vpn_domains_internal
nftset=/skycdp.com/4#inet#fw4#vpn_domains_internal
nftset=/skyscanner.com/4#inet#fw4#vpn_domains_internal
nftset=/slavicsac.com/4#inet#fw4#vpn_domains_internal
nftset=/slideshare.net/4#inet#fw4#vpn_domains_internal
nftset=/smartbear.com/4#inet#fw4#vpn_domains_internal
nftset=/smartdeploy.com/4#inet#fw4#vpn_domains_internal
nftset=/smashwords.com/4#inet#fw4#vpn_domains_internal
nftset=/smassets.net/4#inet#fw4#vpn_domains_internal
nftset=/snort.org/4#inet#fw4#vpn_domains_internal
nftset=/snyk.io/4#inet#fw4#vpn_domains_internal
nftset=/soapui.org/4#inet#fw4#vpn_domains_internal
nftset=/sobesednik.com/4#inet#fw4#vpn_domains_internal
nftset=/sobesednik.ru/4#inet#fw4#vpn_domains_internal
nftset=/solarwinds.com/4#inet#fw4#vpn_domains_internal
nftset=/soundcloud.com/4#inet#fw4#vpn_domains_internal
nftset=/spacelift.io/4#inet#fw4#vpn_domains_internal
nftset=/spektr.press/4#inet#fw4#vpn_domains_internal
nftset=/spotify.com/4#inet#fw4#vpn_domains_internal
nftset=/spreadthesign.com/4#inet#fw4#vpn_domains_internal
nftset=/sputnikipogrom.com/4#inet#fw4#vpn_domains_internal
nftset=/squadbustersgame.com/4#inet#fw4#vpn_domains_internal
nftset=/stalker2.com/4#inet#fw4#vpn_domains_internal
nftset=/strana.news/4#inet#fw4#vpn_domains_internal
nftset=/strana.today/4#inet#fw4#vpn_domains_internal
nftset=/strava.com/4#inet#fw4#vpn_domains_internal
nftset=/stulchik.net/4#inet#fw4#vpn_domains_internal
nftset=/suggestqueries.google.com/4#inet#fw4#vpn_domains_internal
nftset=/supercell.com/4#inet#fw4#vpn_domains_internal
nftset=/surveymonkey.com/4#inet#fw4#vpn_domains_internal
nftset=/suspilne.media/4#inet#fw4#vpn_domains_internal
nftset=/svidomi.in.ua/4#inet#fw4#vpn_domains_internal
nftset=/svoboda.org/4#inet#fw4#vpn_domains_internal
nftset=/svoi.kr.ua/4#inet#fw4#vpn_domains_internal
nftset=/svtv.org/4#inet#fw4#vpn_domains_internal
nftset=/swagger.io/4#inet#fw4#vpn_domains_internal
nftset=/swissinfo.ch/4#inet#fw4#vpn_domains_internal
nftset=/sysdig.com/4#inet#fw4#vpn_domains_internal
nftset=/t-ru.org/4#inet#fw4#vpn_domains_internal
nftset=/telegram.org/4#inet#fw4#vpn_domains_internal
nftset=/tableau.com/4#inet#fw4#vpn_domains_internal
nftset=/tayga.info/4#inet#fw4#vpn_domains_internal
nftset=/te-st.org/4#inet#fw4#vpn_domains_internal
nftset=/teamviewer.com/4#inet#fw4#vpn_domains_internal
nftset=/telegraf.by/4#inet#fw4#vpn_domains_internal
nftset=/telegraf.news/4#inet#fw4#vpn_domains_internal
nftset=/telemetr.io/4#inet#fw4#vpn_domains_internal
nftset=/tellapart.com/4#inet#fw4#vpn_domains_internal
nftset=/terraform.io/4#inet#fw4#vpn_domains_internal
nftset=/terrasoft.ua/4#inet#fw4#vpn_domains_internal
nftset=/the-village.ru/4#inet#fw4#vpn_domains_internal
nftset=/theaudiodb.com/4#inet#fw4#vpn_domains_internal
nftset=/thebarentsobserver.com/4#inet#fw4#vpn_domains_internal
nftset=/thebell.io/4#inet#fw4#vpn_domains_internal
nftset=/theins.info/4#inet#fw4#vpn_domains_internal
nftset=/theins.press/4#inet#fw4#vpn_domains_internal
nftset=/theins.ru/4#inet#fw4#vpn_domains_internal
nftset=/themoviedb.org/4#inet#fw4#vpn_domains_internal
nftset=/thepiratebay.org/4#inet#fw4#vpn_domains_internal
nftset=/thetruestory.news/4#inet#fw4#vpn_domains_internal
nftset=/threads.net/4#inet#fw4#vpn_domains_internal
nftset=/threema.ch/4#inet#fw4#vpn_domains_internal
nftset=/ti.com/4#inet#fw4#vpn_domains_internal
nftset=/tidal.com/4#inet#fw4#vpn_domains_internal
nftset=/timberland.com/4#inet#fw4#vpn_domains_internal
nftset=/tjournal.ru/4#inet#fw4#vpn_domains_internal
nftset=/tmdb.org/4#inet#fw4#vpn_domains_internal
nftset=/torproject.org/4#inet#fw4#vpn_domains_internal
nftset=/torrent.by/4#inet#fw4#vpn_domains_internal
nftset=/torrentgalaxy.to/4#inet#fw4#vpn_domains_internal
nftset=/tracker.wf/4#inet#fw4#vpn_domains_internal
nftset=/trailblazer.me/4#inet#fw4#vpn_domains_internal
nftset=/trailhead.com/4#inet#fw4#vpn_domains_internal
nftset=/trellix.com/4#inet#fw4#vpn_domains_internal
nftset=/trueblackmetalradio.com/4#inet#fw4#vpn_domains_internal
nftset=/tsmc.com/4#inet#fw4#vpn_domains_internal
nftset=/ttwstatic.com/4#inet#fw4#vpn_domains_internal
nftset=/tutanota.com/4#inet#fw4#vpn_domains_internal
nftset=/tvfreedom.io/4#inet#fw4#vpn_domains_internal
nftset=/ubnt.com/4#inet#fw4#vpn_domains_internal
nftset=/ufile.io/4#inet#fw4#vpn_domains_internal
nftset=/underver.se/4#inet#fw4#vpn_domains_internal
nftset=/unian.net/4#inet#fw4#vpn_domains_internal
nftset=/uniongang.tv/4#inet#fw4#vpn_domains_internal
nftset=/upwork.com/4#inet#fw4#vpn_domains_internal
nftset=/usa.one/4#inet#fw4#vpn_domains_internal
nftset=/vagrantcloud.com/4#inet#fw4#vpn_domains_internal
nftset=/vectorworks.net/4#inet#fw4#vpn_domains_internal
nftset=/veeam.com/4#inet#fw4#vpn_domains_internal
nftset=/velocidrone.com/4#inet#fw4#vpn_domains_internal
nftset=/veritas.com/4#inet#fw4#vpn_domains_internal
nftset=/verstka.media/4#inet#fw4#vpn_domains_internal
nftset=/vesma.one/4#inet#fw4#vpn_domains_internal
nftset=/vesma.today/4#inet#fw4#vpn_domains_internal
nftset=/vesty.co.il/4#inet#fw4#vpn_domains_internal
nftset=/vice.com/4#inet#fw4#vpn_domains_internal
nftset=/vine.co/4#inet#fw4#vpn_domains_internal
nftset=/vipdrive.net/4#inet#fw4#vpn_domains_internal
nftset=/visualcapitalist.com/4#inet#fw4#vpn_domains_internal
nftset=/vndb.org/4#inet#fw4#vpn_domains_internal
nftset=/voanews.com/4#inet#fw4#vpn_domains_internal
nftset=/voidboost.cc/4#inet#fw4#vpn_domains_internal
nftset=/volkswagen-classic-parts.com/4#inet#fw4#vpn_domains_internal
nftset=/vot-tak.tv/4#inet#fw4#vpn_domains_internal
nftset=/voynaplemyon.com/4#inet#fw4#vpn_domains_internal
nftset=/vpngate.net/4#inet#fw4#vpn_domains_internal
nftset=/vpngen.org/4#inet#fw4#vpn_domains_internal
nftset=/vpnlove.me/4#inet#fw4#vpn_domains_internal
nftset=/vpnpay.io/4#inet#fw4#vpn_domains_internal
nftset=/vrv.co/4#inet#fw4#vpn_domains_internal
nftset=/vyos.io/4#inet#fw4#vpn_domains_internal
nftset=/walmart.com/4#inet#fw4#vpn_domains_internal
nftset=/watchguard.com/4#inet#fw4#vpn_domains_internal
nftset=/weather.com/4#inet#fw4#vpn_domains_internal
nftset=/web-platform.io/4#inet#fw4#vpn_domains_internal
nftset=/weblance.com.ua/4#inet#fw4#vpn_domains_internal
nftset=/webnames.ca/4#inet#fw4#vpn_domains_internal
nftset=/webtoons.com/4#inet#fw4#vpn_domains_internal
nftset=/weebly.com/4#inet#fw4#vpn_domains_internal
nftset=/welt.de/4#inet#fw4#vpn_domains_internal
nftset=/wetransfer.com/4#inet#fw4#vpn_domains_internal
nftset=/wheather.com/4#inet#fw4#vpn_domains_internal
nftset=/wide-youtube.l.google.com/4#inet#fw4#vpn_domains_internal
nftset=/wikiart.org/4#inet#fw4#vpn_domains_internal
nftset=/wikidot.com/4#inet#fw4#vpn_domains_internal
nftset=/wilsoncenter.org/4#inet#fw4#vpn_domains_internal
nftset=/windguru.cz/4#inet#fw4#vpn_domains_internal
nftset=/wixmp.com/4#inet#fw4#vpn_domains_internal
nftset=/wk.cz/4#inet#fw4#vpn_domains_internal
nftset=/wonderzine.com/4#inet#fw4#vpn_domains_internal
nftset=/wpengine.com/4#inet#fw4#vpn_domains_internal
nftset=/wunderground.com/4#inet#fw4#vpn_domains_internal
nftset=/xerox.com/4#inet#fw4#vpn_domains_internal
nftset=/xsts.auth.xboxlive.com/4#inet#fw4#vpn_domains_internal
nftset=/yaoilib.me/4#inet#fw4#vpn_domains_internal
nftset=/zannn.top/4#inet#fw4#vpn_domains_internal
nftset=/zbigz.com/4#inet#fw4#vpn_domains_internal
nftset=/zedge.net/4#inet#fw4#vpn_domains_internal
nftset=/zerolab.net/4#inet#fw4#vpn_domains_internal
nftset=/zerossl.com/4#inet#fw4#vpn_domains_internal
nftset=/zet-flix.online/4#inet#fw4#vpn_domains_internal
nftset=/znanija.com/4#inet#fw4#vpn_domains_internal
nftset=/zona.media/4#inet#fw4#vpn_domains_internal
