# Домены https://github.com/v2fly/domain-list-community/tree/master/data
nftset=/adguard-dns.com/4#inet#fw4#vpn_domains
nftset=/adguard.com/4#inet#fw4#vpn_domains
nftset=/amd.com/4#inet#fw4#vpn_domains
nftset=/amnezia.org/4#inet#fw4#vpn_domains
nftset=/analog.com/4#inet#fw4#vpn_domains
nftset=/autodesk.com/4#inet#fw4#vpn_domains
nftset=/bard.google.com/4#inet#fw4#vpn_domains
nftset=/bitcoin.org/4#inet#fw4#vpn_domains
nftset=/bitdefender.com/4#inet#fw4#vpn_domains
nftset=/gemini.google.com/4#inet#fw4#vpn_domains
nftset=/habr.com/4#inet#fw4#vpn_domains
nftset=/intel.com/4#inet#fw4#vpn_domains
nftset=/kavkaz-uzel.eu/4#inet#fw4#vpn_domains
nftset=/kavkazr.com/4#inet#fw4#vpn_domains
nftset=/oculus.com/4#inet#fw4#vpn_domains
nftset=/pcbway.com/4#inet#fw4#vpn_domains
nftset=/pcbway.ru/4#inet#fw4#vpn_domains
nftset=/rutor.info/4#inet#fw4#vpn_domains
nftset=/rutor.is/4#inet#fw4#vpn_domains
nftset=/rutor.org/4#inet#fw4#vpn_domains
nftset=/rutracker.cc/4#inet#fw4#vpn_domains
nftset=/rutracker.net/4#inet#fw4#vpn_domains
nftset=/rutracker.org/4#inet#fw4#vpn_domains
nftset=/rutracker.ru/4#inet#fw4#vpn_domains
nftset=/ubnt.com/4#inet#fw4#vpn_domains
nftset=/cdn-telegram.org/4#inet#fw4#vpn_domains
nftset=/comments.app/4#inet#fw4#vpn_domains
nftset=/contest.com/4#inet#fw4#vpn_domains
nftset=/fragment.com/4#inet#fw4#vpn_domains
nftset=/graph.org/4#inet#fw4#vpn_domains
nftset=/quiz.directory/4#inet#fw4#vpn_domains
nftset=/t.me/4#inet#fw4#vpn_domains
nftset=/tdesktop.com/4#inet#fw4#vpn_domains
nftset=/telega.one/4#inet#fw4#vpn_domains
nftset=/telegra.ph/4#inet#fw4#vpn_domains
nftset=/telegram-cdn.org/4#inet#fw4#vpn_domains
nftset=/telegram.dog/4#inet#fw4#vpn_domains
nftset=/telegram.me/4#inet#fw4#vpn_domains
nftset=/telegram.org/4#inet#fw4#vpn_domains
nftset=/telegram.space/4#inet#fw4#vpn_domains
nftset=/telesco.pe/4#inet#fw4#vpn_domains
nftset=/tg.dev/4#inet#fw4#vpn_domains
nftset=/tx.me/4#inet#fw4#vpn_domains
nftset=/usercontent.dev/4#inet#fw4#vpn_domains
nftset=/microchip.com/4#inet#fw4#vpn_domains
nftset=/bitcoinvps.cloud/4#inet#fw4#vpn_domains
nftset=/battlebreakers.com/4#inet#fw4#vpn_domains
nftset=/eac-cdn.com/4#inet#fw4#vpn_domains
nftset=/easy.ac/4#inet#fw4#vpn_domains
nftset=/easyanticheat.net/4#inet#fw4#vpn_domains
nftset=/epicgames.com/4#inet#fw4#vpn_domains
nftset=/epicgames.dev/4#inet#fw4#vpn_domains
nftset=/epicgamescdn.com/4#inet#fw4#vpn_domains
nftset=/paragon.com/4#inet#fw4#vpn_domains
nftset=/playparagon.com/4#inet#fw4#vpn_domains
nftset=/roborecall.com/4#inet#fw4#vpn_domains
nftset=/shadowcomplex.com/4#inet#fw4#vpn_domains
nftset=/spyjinx.com/4#inet#fw4#vpn_domains
nftset=/unrealengine.com/4#inet#fw4#vpn_domains
nftset=/unrealtournament.com/4#inet#fw4#vpn_domains
nftset=/torproject.org/4#inet#fw4#vpn_domains
nftset=/krasovs.ky/4#inet#fw4#vpn_domains
nftset=/medium.com/4#inet#fw4#vpn_domains
nftset=/ntc.party/4#inet#fw4#vpn_domains
